node.exe : [33mThe CJS build of Vite's Node API is 
deprecated. See https://vite.dev/guide/troubleshooting.html#
vite-cjs-node-api-deprecated for more details.[39m
At G:\ATLAS\Setup\node_modules\.bin\vite.ps1:24 char:5
+     & "node$exe"  "$basedir/../vite/bin/vite.js" $args
+     ~~~~~~~~~~~~~~~~~~~~~~~~~~~~~~~~~~~~~~~~~~~~~~~~~~
    + CategoryInfo          : NotSpecified: ([33mThe CJS b 
   u...e details.[39m:String) [], RemoteException
    + FullyQualifiedErrorId : NativeCommandError
 
[36mvite v5.4.21 [32mbuilding for production...[36m[39m
transforming...

[1m[33mwarn[39m[22m - No utility classes were detected 
in your source files. If this is unexpected, double-check 
the `content` option in your Tailwind CSS configuration.
[1m[33mwarn[39m[22m - 
https://tailwindcss.com/docs/content-configuration
[32m???[39m 19 modules transformed.
[31mx[39m Build failed in 5.75s
[31merror during build:
[31m[vite:load-fallback] Could not load 
G:\ATLAS\Setup\node_modules\react-router/dom (imported by 
node_modules/react-router-dom/dist/index.mjs): ENOENT: no 
such file or directory, open 
'G:\ATLAS\Setup\node_modules\react-router\dom'[31m
    at async open (node:internal/fs/promises:641:25)
    at async Object.readFile 
(node:internal/fs/promises:1245:14)
    at async Object.load (file:///G:/ATLAS/Setup/node_module
s/vite/dist/node/chunks/dep-BK3b2jBa.js:65357:25)
    at async PluginDriver.hookFirstAndGetPlugin (file:///G:/
ATLAS/Setup/node_modules/rollup/dist/es/shared/node-entry.js
:22453:28)
    at async file:///G:/ATLAS/Setup/node_modules/rollup/dist
/es/shared/node-entry.js:21445:33
    at async Queue.work (file:///G:/ATLAS/Setup/node_modules
/rollup/dist/es/shared/node-entry.js:22681:32)[39m
