
> atlas-setup@2.0.0 build:web
> vite build --config configs/vite.web.ts apps/web

node.exe : [33mThe CJS build of Vite's Node API is 
deprecated. See https://vite.dev/guide/troubleshooting.html#
vite-cjs-node-api-deprecated for more details.[39m
At line:1 char:1
+ & "C:\Program Files\nodejs/node.exe" "C:\Program 
Files\nodejs/node_mo ...
+ ~~~~~~~~~~~~~~~~~~~~~~~~~~~~~~~~~~~~~~~~~~~~~~~~~~~~~~~~~~
~~~~~~~~~~~
    + CategoryInfo          : NotSpecified: ([33mThe CJS b 
   u...e details.[39m:String) [], RemoteException
    + FullyQualifiedErrorId : NativeCommandError
 
[36mvite v5.4.21 [32mbuilding for production...[36m[39m
transforming...
[32m???[39m 2 modules transformed.
[31mx[39m Build failed in 136ms
[31merror during build:
[31m[vite:esbuild] failed to resolve 
"extends":"../../Setup/configs/tsconfig.base.json" in 
G:\ATLAS\Setup\apps\web\tsconfig.json[31m
file: [36mG:/ATLAS/Setup/apps/web/src/main.tsx[31m
    at resolveExtends (file:///G:/ATLAS/Setup/node_modules/v
ite/dist/node/chunks/dep-BK3b2jBa.js:18845:8)
    at parseExtends (file:///G:/ATLAS/Setup/node_modules/vit
e/dist/node/chunks/dep-BK3b2jBa.js:18780:24)
    at parse$e (file:///G:/ATLAS/Setup/node_modules/vite/dis
t/node/chunks/dep-BK3b2jBa.js:18638:23)
    at async loadTsconfigJsonForFile (file:///G:/ATLAS/Setup
/node_modules/vite/dist/node/chunks/dep-BK3b2jBa.js:19433:20
)
    at async transformWithEsbuild (file:///G:/ATLAS/Setup/no
de_modules/vite/dist/node/chunks/dep-BK3b2jBa.js:19194:30)
    at async Object.transform (file:///G:/ATLAS/Setup/node_m
odules/vite/dist/node/chunks/dep-BK3b2jBa.js:19297:24)
    at async transform (file:///G:/ATLAS/Setup/node_modules/
rollup/dist/es/shared/node-entry.js:21269:16)
    at async ModuleLoader.addModuleSource (file:///G:/ATLAS/
Setup/node_modules/rollup/dist/es/shared/node-entry.js:21497
:36)[39m
